2026-01-07T21:42:19.255+01:00 DEBUG 41034 --- [http-nio-8080-exec-4] org.hibernate.SQL                        : 
    select
        m1_0.learning_area_id,
        m1_0.id,
        m1_0.created_at,
        m1_0.description,
        m1_0.display_order,
        m1_0.estimated_duration,
        m1_0.icon,
        m1_0.subtitle,
        m1_0.title,
        m1_0.updated_at 
    from
        learning_modules m1_0 
    where
        m1_0.learning_area_id=? 
    order by
        m1_0.display_order
2026-01-07T21:42:19.376+01:00 DEBUG 41034 --- [http-nio-8080-exec-4] org.hibernate.SQL                        : 
    select
        m1_0.learning_area_id,
        m1_0.id,
        m1_0.created_at,
        m1_0.description,
        m1_0.display_order,
        m1_0.estimated_duration,
        m1_0.icon,
        m1_0.subtitle,
        m1_0.title,
        m1_0.updated_at 
    from
        learning_modules m1_0 
    where
        m1_0.learning_area_id=? 
    order by
        m1_0.display_order
2026-01-07T21:42:19.376+01:00 DEBUG 41034 --- [http-nio-8080-exec-4] org.hibernate.SQL                        : 
    select
        m1_0.learning_area_id,
        m1_0.id,
        m1_0.created_at,
        m1_0.description,
        m1_0.display_order,
        m1_0.estimated_duration,
        m1_0.icon,
        m1_0.subtitle,
        m1_0.title,
        m1_0.updated_at 
    from
        learning_modules m1_0 
    where
        m1_0.learning_area_id=? 
    order by
        m1_0.display_order
2026-01-07T21:42:19.377+01:00 TRACE 41034 --- [http-nio-8080-exec-4] o.s.s.w.header.writers.HstsHeaderWriter  : Not injecting HSTS header since it did not match request to [Is Secure]
2026-01-07T21:42:20.687+01:00 TRACE 41034 --- [http-nio-8080-exec-3] o.s.security.web.FilterChainProxy        : Trying to match request against DefaultSecurityFilterChain defined as 'filterChain' in [class path resource [org/nikolic/programm/security/SecurityConfig.class]] matching [any request] and having filters [DisableEncodeUrl, WebAsyncManagerIntegration, SecurityContextHolder, HeaderWriter, Cors, Logout, Jwt, RequestCacheAware, SecurityContextHolderAwareRequest, AnonymousAuthentication, SessionManagement, ExceptionTranslation, Authorization] (1/1)
2026-01-07T21:42:20.688+01:00 DEBUG 41034 --- [http-nio-8080-exec-3] o.s.security.web.FilterChainProxy        : Securing GET /admin/quiz-verwaltung.html
2026-01-07T21:42:20.688+01:00 TRACE 41034 --- [http-nio-8080-exec-3] o.s.security.web.FilterChainProxy        : Invoking DisableEncodeUrlFilter (1/13)
2026-01-07T21:42:20.688+01:00 TRACE 41034 --- [http-nio-8080-exec-3] o.s.security.web.FilterChainProxy        : Invoking WebAsyncManagerIntegrationFilter (2/13)
2026-01-07T21:42:20.688+01:00 TRACE 41034 --- [http-nio-8080-exec-3] o.s.security.web.FilterChainProxy        : Invoking SecurityContextHolderFilter (3/13)
2026-01-07T21:42:20.688+01:00 TRACE 41034 --- [http-nio-8080-exec-3] o.s.security.web.FilterChainProxy        : Invoking HeaderWriterFilter (4/13)
2026-01-07T21:42:20.688+01:00 TRACE 41034 --- [http-nio-8080-exec-3] o.s.security.web.FilterChainProxy        : Invoking CorsFilter (5/13)
2026-01-07T21:42:20.688+01:00 TRACE 41034 --- [http-nio-8080-exec-3] o.s.security.web.FilterChainProxy        : Invoking LogoutFilter (6/13)
2026-01-07T21:42:20.688+01:00 TRACE 41034 --- [http-nio-8080-exec-3] o.s.s.w.a.logout.LogoutFilter            : Did not match request to Or [Ant [pattern='/logout', GET], Ant [pattern='/logout', POST], Ant [pattern='/logout', PUT], Ant [pattern='/logout', DELETE]]
2026-01-07T21:42:20.688+01:00 TRACE 41034 --- [http-nio-8080-exec-3] o.s.security.web.FilterChainProxy        : Invoking JwtFilter (7/13)
2026-01-07T21:42:20.688+01:00 TRACE 41034 --- [http-nio-8080-exec-3] o.s.security.web.FilterChainProxy        : Invoking RequestCacheAwareFilter (8/13)
2026-01-07T21:42:20.688+01:00 TRACE 41034 --- [http-nio-8080-exec-3] o.s.security.web.FilterChainProxy        : Invoking SecurityContextHolderAwareRequestFilter (9/13)
2026-01-07T21:42:20.688+01:00 TRACE 41034 --- [http-nio-8080-exec-3] o.s.security.web.FilterChainProxy        : Invoking AnonymousAuthenticationFilter (10/13)
2026-01-07T21:42:20.688+01:00 TRACE 41034 --- [http-nio-8080-exec-3] o.s.security.web.FilterChainProxy        : Invoking SessionManagementFilter (11/13)
2026-01-07T21:42:20.688+01:00 TRACE 41034 --- [http-nio-8080-exec-3] .s.s.w.c.SupplierDeferredSecurityContext : Created SecurityContextImpl [Null authentication]
2026-01-07T21:42:20.688+01:00 TRACE 41034 --- [http-nio-8080-exec-3] o.s.s.w.a.AnonymousAuthenticationFilter  : Set SecurityContextHolder to AnonymousAuthenticationToken [Principal=anonymousUser, Credentials=[PROTECTED], Authenticated=true, Details=WebAuthenticationDetails [RemoteIpAddress=0:0:0:0:0:0:0:1, SessionId=null], Granted Authorities=[ROLE_ANONYMOUS]]
2026-01-07T21:42:20.689+01:00 TRACE 41034 --- [http-nio-8080-exec-3] o.s.security.web.FilterChainProxy        : Invoking ExceptionTranslationFilter (12/13)
2026-01-07T21:42:20.689+01:00 TRACE 41034 --- [http-nio-8080-exec-3] o.s.security.web.FilterChainProxy        : Invoking AuthorizationFilter (13/13)
2026-01-07T21:42:20.689+01:00 TRACE 41034 --- [http-nio-8080-exec-3] estMatcherDelegatingAuthorizationManager : Authorizing GET /admin/quiz-verwaltung.html
2026-01-07T21:42:20.689+01:00 TRACE 41034 --- [http-nio-8080-exec-3] estMatcherDelegatingAuthorizationManager : Checking authorization on GET /admin/quiz-verwaltung.html using org.springframework.security.authorization.SingleResultAuthorizationManager@1f92625c
2026-01-07T21:42:20.689+01:00 DEBUG 41034 --- [http-nio-8080-exec-3] o.s.security.web.FilterChainProxy        : Secured GET /admin/quiz-verwaltung.html
2026-01-07T21:42:20.691+01:00 TRACE 41034 --- [http-nio-8080-exec-3] o.s.s.w.header.writers.HstsHeaderWriter  : Not injecting HSTS header since it did not match request to [Is Secure]
2026-01-07T21:42:20.694+01:00 TRACE 41034 --- [http-nio-8080-exec-10] o.s.security.web.FilterChainProxy        : Trying to match request against DefaultSecurityFilterChain defined as 'filterChain' in [class path resource [org/nikolic/programm/security/SecurityConfig.class]] matching [any request] and having filters [DisableEncodeUrl, WebAsyncManagerIntegration, SecurityContextHolder, HeaderWriter, Cors, Logout, Jwt, RequestCacheAware, SecurityContextHolderAwareRequest, AnonymousAuthentication, SessionManagement, ExceptionTranslation, Authorization] (1/1)
2026-01-07T21:42:20.694+01:00 TRACE 41034 --- [http-nio-8080-exec-1] o.s.security.web.FilterChainProxy        : Trying to match request against DefaultSecurityFilterChain defined as 'filterChain' in [class path resource [org/nikolic/programm/security/SecurityConfig.class]] matching [any request] and having filters [DisableEncodeUrl, WebAsyncManagerIntegration, SecurityContextHolder, HeaderWriter, Cors, Logout, Jwt, RequestCacheAware, SecurityContextHolderAwareRequest, AnonymousAuthentication, SessionManagement, ExceptionTranslation, Authorization] (1/1)
2026-01-07T21:42:20.695+01:00 DEBUG 41034 --- [http-nio-8080-exec-1] o.s.security.web.FilterChainProxy        : Securing GET /js/auth.js
2026-01-07T21:42:20.695+01:00 DEBUG 41034 --- [http-nio-8080-exec-10] o.s.security.web.FilterChainProxy        : Securing GET /css/style.css
2026-01-07T21:42:20.695+01:00 TRACE 41034 --- [http-nio-8080-exec-1] o.s.security.web.FilterChainProxy        : Invoking DisableEncodeUrlFilter (1/13)
2026-01-07T21:42:20.695+01:00 TRACE 41034 --- [http-nio-8080-exec-10] o.s.security.web.FilterChainProxy        : Invoking DisableEncodeUrlFilter (1/13)
2026-01-07T21:42:20.695+01:00 TRACE 41034 --- [http-nio-8080-exec-1] o.s.security.web.FilterChainProxy        : Invoking WebAsyncManagerIntegrationFilter (2/13)
2026-01-07T21:42:20.695+01:00 TRACE 41034 --- [http-nio-8080-exec-10] o.s.security.web.FilterChainProxy        : Invoking WebAsyncManagerIntegrationFilter (2/13)
2026-01-07T21:42:20.695+01:00 TRACE 41034 --- [http-nio-8080-exec-1] o.s.security.web.FilterChainProxy        : Invoking SecurityContextHolderFilter (3/13)
2026-01-07T21:42:20.695+01:00 TRACE 41034 --- [http-nio-8080-exec-1] o.s.security.web.FilterChainProxy        : Invoking HeaderWriterFilter (4/13)
2026-01-07T21:42:20.695+01:00 TRACE 41034 --- [http-nio-8080-exec-10] o.s.security.web.FilterChainProxy        : Invoking SecurityContextHolderFilter (3/13)
2026-01-07T21:42:20.695+01:00 TRACE 41034 --- [http-nio-8080-exec-10] o.s.security.web.FilterChainProxy        : Invoking HeaderWriterFilter (4/13)
2026-01-07T21:42:20.695+01:00 TRACE 41034 --- [http-nio-8080-exec-10] o.s.security.web.FilterChainProxy        : Invoking CorsFilter (5/13)
2026-01-07T21:42:20.695+01:00 TRACE 41034 --- [http-nio-8080-exec-1] o.s.security.web.FilterChainProxy        : Invoking CorsFilter (5/13)
2026-01-07T21:42:20.695+01:00 TRACE 41034 --- [http-nio-8080-exec-1] o.s.security.web.FilterChainProxy        : Invoking LogoutFilter (6/13)
2026-01-07T21:42:20.695+01:00 TRACE 41034 --- [http-nio-8080-exec-1] o.s.s.w.a.logout.LogoutFilter            : Did not match request to Or [Ant [pattern='/logout', GET], Ant [pattern='/logout', POST], Ant [pattern='/logout', PUT], Ant [pattern='/logout', DELETE]]
2026-01-07T21:42:20.695+01:00 TRACE 41034 --- [http-nio-8080-exec-1] o.s.security.web.FilterChainProxy        : Invoking JwtFilter (7/13)
2026-01-07T21:42:20.695+01:00 TRACE 41034 --- [http-nio-8080-exec-1] o.s.security.web.FilterChainProxy        : Invoking RequestCacheAwareFilter (8/13)
2026-01-07T21:42:20.695+01:00 TRACE 41034 --- [http-nio-8080-exec-1] o.s.security.web.FilterChainProxy        : Invoking SecurityContextHolderAwareRequestFilter (9/13)
2026-01-07T21:42:20.695+01:00 TRACE 41034 --- [http-nio-8080-exec-1] o.s.security.web.FilterChainProxy        : Invoking AnonymousAuthenticationFilter (10/13)
2026-01-07T21:42:20.695+01:00 TRACE 41034 --- [http-nio-8080-exec-1] o.s.security.web.FilterChainProxy        : Invoking SessionManagementFilter (11/13)
2026-01-07T21:42:20.695+01:00 TRACE 41034 --- [http-nio-8080-exec-1] .s.s.w.c.SupplierDeferredSecurityContext : Created SecurityContextImpl [Null authentication]
2026-01-07T21:42:20.695+01:00 TRACE 41034 --- [http-nio-8080-exec-10] o.s.security.web.FilterChainProxy        : Invoking LogoutFilter (6/13)
2026-01-07T21:42:20.696+01:00 TRACE 41034 --- [http-nio-8080-exec-10] o.s.s.w.a.logout.LogoutFilter            : Did not match request to Or [Ant [pattern='/logout', GET], Ant [pattern='/logout', POST], Ant [pattern='/logout', PUT], Ant [pattern='/logout', DELETE]]
2026-01-07T21:42:20.696+01:00 TRACE 41034 --- [http-nio-8080-exec-10] o.s.security.web.FilterChainProxy        : Invoking JwtFilter (7/13)
2026-01-07T21:42:20.696+01:00 TRACE 41034 --- [http-nio-8080-exec-10] o.s.security.web.FilterChainProxy        : Invoking RequestCacheAwareFilter (8/13)
2026-01-07T21:42:20.696+01:00 TRACE 41034 --- [http-nio-8080-exec-1] o.s.s.w.a.AnonymousAuthenticationFilter  : Set SecurityContextHolder to AnonymousAuthenticationToken [Principal=anonymousUser, Credentials=[PROTECTED], Authenticated=true, Details=WebAuthenticationDetails [RemoteIpAddress=0:0:0:0:0:0:0:1, SessionId=null], Granted Authorities=[ROLE_ANONYMOUS]]
2026-01-07T21:42:20.696+01:00 TRACE 41034 --- [http-nio-8080-exec-10] o.s.security.web.FilterChainProxy        : Invoking SecurityContextHolderAwareRequestFilter (9/13)
2026-01-07T21:42:20.696+01:00 TRACE 41034 --- [http-nio-8080-exec-10] o.s.security.web.FilterChainProxy        : Invoking AnonymousAuthenticationFilter (10/13)
2026-01-07T21:42:20.696+01:00 TRACE 41034 --- [http-nio-8080-exec-10] o.s.security.web.FilterChainProxy        : Invoking SessionManagementFilter (11/13)
2026-01-07T21:42:20.696+01:00 TRACE 41034 --- [http-nio-8080-exec-1] o.s.security.web.FilterChainProxy        : Invoking ExceptionTranslationFilter (12/13)
2026-01-07T21:42:20.696+01:00 TRACE 41034 --- [http-nio-8080-exec-10] .s.s.w.c.SupplierDeferredSecurityContext : Created SecurityContextImpl [Null authentication]
2026-01-07T21:42:20.696+01:00 TRACE 41034 --- [http-nio-8080-exec-10] o.s.s.w.a.AnonymousAuthenticationFilter  : Set SecurityContextHolder to AnonymousAuthenticationToken [Principal=anonymousUser, Credentials=[PROTECTED], Authenticated=true, Details=WebAuthenticationDetails [RemoteIpAddress=0:0:0:0:0:0:0:1, SessionId=null], Granted Authorities=[ROLE_ANONYMOUS]]
2026-01-07T21:42:20.696+01:00 TRACE 41034 --- [http-nio-8080-exec-10] o.s.security.web.FilterChainProxy        : Invoking ExceptionTranslationFilter (12/13)
2026-01-07T21:42:20.696+01:00 TRACE 41034 --- [http-nio-8080-exec-10] o.s.security.web.FilterChainProxy        : Invoking AuthorizationFilter (13/13)
2026-01-07T21:42:20.696+01:00 TRACE 41034 --- [http-nio-8080-exec-10] estMatcherDelegatingAuthorizationManager : Authorizing GET /css/style.css
2026-01-07T21:42:20.696+01:00 TRACE 41034 --- [http-nio-8080-exec-1] o.s.security.web.FilterChainProxy        : Invoking AuthorizationFilter (13/13)
2026-01-07T21:42:20.697+01:00 TRACE 41034 --- [http-nio-8080-exec-1] estMatcherDelegatingAuthorizationManager : Authorizing GET /js/auth.js
2026-01-07T21:42:20.697+01:00 TRACE 41034 --- [http-nio-8080-exec-1] estMatcherDelegatingAuthorizationManager : Checking authorization on GET /js/auth.js using org.springframework.security.authorization.SingleResultAuthorizationManager@1f92625c
2026-01-07T21:42:20.697+01:00 DEBUG 41034 --- [http-nio-8080-exec-1] o.s.security.web.FilterChainProxy        : Secured GET /js/auth.js
2026-01-07T21:42:20.697+01:00 TRACE 41034 --- [http-nio-8080-exec-10] estMatcherDelegatingAuthorizationManager : Checking authorization on GET /css/style.css using org.springframework.security.authorization.SingleResultAuthorizationManager@1f92625c
2026-01-07T21:42:20.697+01:00 DEBUG 41034 --- [http-nio-8080-exec-10] o.s.security.web.FilterChainProxy        : Secured GET /css/style.css
2026-01-07T21:42:20.699+01:00 TRACE 41034 --- [http-nio-8080-exec-10] o.s.s.w.header.writers.HstsHeaderWriter  : Not injecting HSTS header since it did not match request to [Is Secure]
2026-01-07T21:42:20.700+01:00 TRACE 41034 --- [http-nio-8080-exec-7] o.s.security.web.FilterChainProxy        : Trying to match request against DefaultSecurityFilterChain defined as 'filterChain' in [class path resource [org/nikolic/programm/security/SecurityConfig.class]] matching [any request] and having filters [DisableEncodeUrl, WebAsyncManagerIntegration, SecurityContextHolder, HeaderWriter, Cors, Logout, Jwt, RequestCacheAware, SecurityContextHolderAwareRequest, AnonymousAuthentication, SessionManagement, ExceptionTranslation, Authorization] (1/1)
2026-01-07T21:42:20.700+01:00 DEBUG 41034 --- [http-nio-8080-exec-7] o.s.security.web.FilterChainProxy        : Securing GET /css/navbar.css
2026-01-07T21:42:20.701+01:00 TRACE 41034 --- [http-nio-8080-exec-7] o.s.security.web.FilterChainProxy        : Invoking DisableEncodeUrlFilter (1/13)
2026-01-07T21:42:20.699+01:00 TRACE 41034 --- [http-nio-8080-exec-1] o.s.s.w.header.writers.HstsHeaderWriter  : Not injecting HSTS header since it did not match request to [Is Secure]
2026-01-07T21:42:20.701+01:00 TRACE 41034 --- [http-nio-8080-exec-7] o.s.security.web.FilterChainProxy        : Invoking WebAsyncManagerIntegrationFilter (2/13)
2026-01-07T21:42:20.703+01:00 TRACE 41034 --- [http-nio-8080-exec-7] o.s.security.web.FilterChainProxy        : Invoking SecurityContextHolderFilter (3/13)
2026-01-07T21:42:20.703+01:00 TRACE 41034 --- [http-nio-8080-exec-7] o.s.security.web.FilterChainProxy        : Invoking HeaderWriterFilter (4/13)
2026-01-07T21:42:20.703+01:00 TRACE 41034 --- [http-nio-8080-exec-7] o.s.security.web.FilterChainProxy        : Invoking CorsFilter (5/13)
2026-01-07T21:42:20.703+01:00 TRACE 41034 --- [http-nio-8080-exec-7] o.s.security.web.FilterChainProxy        : Invoking LogoutFilter (6/13)
2026-01-07T21:42:20.703+01:00 TRACE 41034 --- [http-nio-8080-exec-1] o.s.security.web.FilterChainProxy        : Trying to match request against DefaultSecurityFilterChain defined as 'filterChain' in [class path resource [org/nikolic/programm/security/SecurityConfig.class]] matching [any request] and having filters [DisableEncodeUrl, WebAsyncManagerIntegration, SecurityContextHolder, HeaderWriter, Cors, Logout, Jwt, RequestCacheAware, SecurityContextHolderAwareRequest, AnonymousAuthentication, SessionManagement, ExceptionTranslation, Authorization] (1/1)
2026-01-07T21:42:20.704+01:00 DEBUG 41034 --- [http-nio-8080-exec-1] o.s.security.web.FilterChainProxy        : Securing GET /js/navbar.js
2026-01-07T21:42:20.704+01:00 TRACE 41034 --- [http-nio-8080-exec-1] o.s.security.web.FilterChainProxy        : Invoking DisableEncodeUrlFilter (1/13)
2026-01-07T21:42:20.704+01:00 TRACE 41034 --- [http-nio-8080-exec-1] o.s.security.web.FilterChainProxy        : Invoking WebAsyncManagerIntegrationFilter (2/13)
2026-01-07T21:42:20.704+01:00 TRACE 41034 --- [http-nio-8080-exec-1] o.s.security.web.FilterChainProxy        : Invoking SecurityContextHolderFilter (3/13)
2026-01-07T21:42:20.704+01:00 TRACE 41034 --- [http-nio-8080-exec-1] o.s.security.web.FilterChainProxy        : Invoking HeaderWriterFilter (4/13)
2026-01-07T21:42:20.703+01:00 TRACE 41034 --- [http-nio-8080-exec-7] o.s.s.w.a.logout.LogoutFilter            : Did not match request to Or [Ant [pattern='/logout', GET], Ant [pattern='/logout', POST], Ant [pattern='/logout', PUT], Ant [pattern='/logout', DELETE]]
2026-01-07T21:42:20.706+01:00 TRACE 41034 --- [http-nio-8080-exec-7] o.s.security.web.FilterChainProxy        : Invoking JwtFilter (7/13)
2026-01-07T21:42:20.706+01:00 TRACE 41034 --- [http-nio-8080-exec-7] o.s.security.web.FilterChainProxy        : Invoking RequestCacheAwareFilter (8/13)
2026-01-07T21:42:20.706+01:00 TRACE 41034 --- [http-nio-8080-exec-7] o.s.security.web.FilterChainProxy        : Invoking SecurityContextHolderAwareRequestFilter (9/13)
2026-01-07T21:42:20.706+01:00 TRACE 41034 --- [http-nio-8080-exec-7] o.s.security.web.FilterChainProxy        : Invoking AnonymousAuthenticationFilter (10/13)
2026-01-07T21:42:20.706+01:00 TRACE 41034 --- [http-nio-8080-exec-7] o.s.security.web.FilterChainProxy        : Invoking SessionManagementFilter (11/13)
2026-01-07T21:42:20.706+01:00 TRACE 41034 --- [http-nio-8080-exec-7] .s.s.w.c.SupplierDeferredSecurityContext : Created SecurityContextImpl [Null authentication]
2026-01-07T21:42:20.705+01:00 TRACE 41034 --- [http-nio-8080-exec-1] o.s.security.web.FilterChainProxy        : Invoking CorsFilter (5/13)
2026-01-07T21:42:20.706+01:00 TRACE 41034 --- [http-nio-8080-exec-1] o.s.security.web.FilterChainProxy        : Invoking LogoutFilter (6/13)
2026-01-07T21:42:20.706+01:00 TRACE 41034 --- [http-nio-8080-exec-1] o.s.s.w.a.logout.LogoutFilter            : Did not match request to Or [Ant [pattern='/logout', GET], Ant [pattern='/logout', POST], Ant [pattern='/logout', PUT], Ant [pattern='/logout', DELETE]]
2026-01-07T21:42:20.706+01:00 TRACE 41034 --- [http-nio-8080-exec-1] o.s.security.web.FilterChainProxy        : Invoking JwtFilter (7/13)
2026-01-07T21:42:20.706+01:00 TRACE 41034 --- [http-nio-8080-exec-1] o.s.security.web.FilterChainProxy        : Invoking RequestCacheAwareFilter (8/13)
2026-01-07T21:42:20.706+01:00 TRACE 41034 --- [http-nio-8080-exec-1] o.s.security.web.FilterChainProxy        : Invoking SecurityContextHolderAwareRequestFilter (9/13)
2026-01-07T21:42:20.706+01:00 TRACE 41034 --- [http-nio-8080-exec-1] o.s.security.web.FilterChainProxy        : Invoking AnonymousAuthenticationFilter (10/13)
2026-01-07T21:42:20.706+01:00 TRACE 41034 --- [http-nio-8080-exec-1] o.s.security.web.FilterChainProxy        : Invoking SessionManagementFilter (11/13)
2026-01-07T21:42:20.706+01:00 TRACE 41034 --- [http-nio-8080-exec-1] .s.s.w.c.SupplierDeferredSecurityContext : Created SecurityContextImpl [Null authentication]
2026-01-07T21:42:20.706+01:00 TRACE 41034 --- [http-nio-8080-exec-7] o.s.s.w.a.AnonymousAuthenticationFilter  : Set SecurityContextHolder to AnonymousAuthenticationToken [Principal=anonymousUser, Credentials=[PROTECTED], Authenticated=true, Details=WebAuthenticationDetails [RemoteIpAddress=0:0:0:0:0:0:0:1, SessionId=null], Granted Authorities=[ROLE_ANONYMOUS]]
2026-01-07T21:42:20.706+01:00 TRACE 41034 --- [http-nio-8080-exec-7] o.s.security.web.FilterChainProxy        : Invoking ExceptionTranslationFilter (12/13)
2026-01-07T21:42:20.706+01:00 TRACE 41034 --- [http-nio-8080-exec-7] o.s.security.web.FilterChainProxy        : Invoking AuthorizationFilter (13/13)
2026-01-07T21:42:20.706+01:00 TRACE 41034 --- [http-nio-8080-exec-7] estMatcherDelegatingAuthorizationManager : Authorizing GET /css/navbar.css
2026-01-07T21:42:20.706+01:00 TRACE 41034 --- [http-nio-8080-exec-7] estMatcherDelegatingAuthorizationManager : Checking authorization on GET /css/navbar.css using org.springframework.security.authorization.SingleResultAuthorizationManager@1f92625c
2026-01-07T21:42:20.706+01:00 DEBUG 41034 --- [http-nio-8080-exec-7] o.s.security.web.FilterChainProxy        : Secured GET /css/navbar.css
2026-01-07T21:42:20.706+01:00 TRACE 41034 --- [http-nio-8080-exec-1] o.s.s.w.a.AnonymousAuthenticationFilter  : Set SecurityContextHolder to AnonymousAuthenticationToken [Principal=anonymousUser, Credentials=[PROTECTED], Authenticated=true, Details=WebAuthenticationDetails [RemoteIpAddress=0:0:0:0:0:0:0:1, SessionId=null], Granted Authorities=[ROLE_ANONYMOUS]]
2026-01-07T21:42:20.707+01:00 TRACE 41034 --- [http-nio-8080-exec-1] o.s.security.web.FilterChainProxy        : Invoking ExceptionTranslationFilter (12/13)
2026-01-07T21:42:20.707+01:00 TRACE 41034 --- [http-nio-8080-exec-1] o.s.security.web.FilterChainProxy        : Invoking AuthorizationFilter (13/13)
2026-01-07T21:42:20.707+01:00 TRACE 41034 --- [http-nio-8080-exec-1] estMatcherDelegatingAuthorizationManager : Authorizing GET /js/navbar.js
2026-01-07T21:42:20.707+01:00 TRACE 41034 --- [http-nio-8080-exec-1] estMatcherDelegatingAuthorizationManager : Checking authorization on GET /js/navbar.js using org.springframework.security.authorization.SingleResultAuthorizationManager@1f92625c
2026-01-07T21:42:20.708+01:00 DEBUG 41034 --- [http-nio-8080-exec-1] o.s.security.web.FilterChainProxy        : Secured GET /js/navbar.js
2026-01-07T21:42:20.708+01:00 TRACE 41034 --- [http-nio-8080-exec-7] o.s.s.w.header.writers.HstsHeaderWriter  : Not injecting HSTS header since it did not match request to [Is Secure]
2026-01-07T21:42:20.709+01:00 TRACE 41034 --- [http-nio-8080-exec-1] o.s.s.w.header.writers.HstsHeaderWriter  : Not injecting HSTS header since it did not match request to [Is Secure]
2026-01-07T21:42:20.713+01:00 TRACE 41034 --- [http-nio-8080-exec-2] o.s.security.web.FilterChainProxy        : Trying to match request against DefaultSecurityFilterChain defined as 'filterChain' in [class path resource [org/nikolic/programm/security/SecurityConfig.class]] matching [any request] and having filters [DisableEncodeUrl, WebAsyncManagerIntegration, SecurityContextHolder, HeaderWriter, Cors, Logout, Jwt, RequestCacheAware, SecurityContextHolderAwareRequest, AnonymousAuthentication, SessionManagement, ExceptionTranslation, Authorization] (1/1)
2026-01-07T21:42:20.713+01:00 DEBUG 41034 --- [http-nio-8080-exec-2] o.s.security.web.FilterChainProxy        : Securing GET /Bilder/logo.png
2026-01-07T21:42:20.714+01:00 TRACE 41034 --- [http-nio-8080-exec-2] o.s.security.web.FilterChainProxy        : Invoking DisableEncodeUrlFilter (1/13)
2026-01-07T21:42:20.714+01:00 TRACE 41034 --- [http-nio-8080-exec-2] o.s.security.web.FilterChainProxy        : Invoking WebAsyncManagerIntegrationFilter (2/13)
2026-01-07T21:42:20.714+01:00 TRACE 41034 --- [http-nio-8080-exec-2] o.s.security.web.FilterChainProxy        : Invoking SecurityContextHolderFilter (3/13)
2026-01-07T21:42:20.714+01:00 TRACE 41034 --- [http-nio-8080-exec-2] o.s.security.web.FilterChainProxy        : Invoking HeaderWriterFilter (4/13)
2026-01-07T21:42:20.714+01:00 TRACE 41034 --- [http-nio-8080-exec-2] o.s.security.web.FilterChainProxy        : Invoking CorsFilter (5/13)
2026-01-07T21:42:20.714+01:00 TRACE 41034 --- [http-nio-8080-exec-2] o.s.security.web.FilterChainProxy        : Invoking LogoutFilter (6/13)
2026-01-07T21:42:20.714+01:00 TRACE 41034 --- [http-nio-8080-exec-2] o.s.s.w.a.logout.LogoutFilter            : Did not match request to Or [Ant [pattern='/logout', GET], Ant [pattern='/logout', POST], Ant [pattern='/logout', PUT], Ant [pattern='/logout', DELETE]]
2026-01-07T21:42:20.714+01:00 TRACE 41034 --- [http-nio-8080-exec-2] o.s.security.web.FilterChainProxy        : Invoking JwtFilter (7/13)
2026-01-07T21:42:20.714+01:00 TRACE 41034 --- [http-nio-8080-exec-2] o.s.security.web.FilterChainProxy        : Invoking RequestCacheAwareFilter (8/13)
2026-01-07T21:42:20.714+01:00 TRACE 41034 --- [http-nio-8080-exec-2] o.s.security.web.FilterChainProxy        : Invoking SecurityContextHolderAwareRequestFilter (9/13)
2026-01-07T21:42:20.714+01:00 TRACE 41034 --- [http-nio-8080-exec-2] o.s.security.web.FilterChainProxy        : Invoking AnonymousAuthenticationFilter (10/13)
2026-01-07T21:42:20.714+01:00 TRACE 41034 --- [http-nio-8080-exec-2] o.s.security.web.FilterChainProxy        : Invoking SessionManagementFilter (11/13)
2026-01-07T21:42:20.714+01:00 TRACE 41034 --- [http-nio-8080-exec-2] .s.s.w.c.SupplierDeferredSecurityContext : Created SecurityContextImpl [Null authentication]
2026-01-07T21:42:20.714+01:00 TRACE 41034 --- [http-nio-8080-exec-2] o.s.s.w.a.AnonymousAuthenticationFilter  : Set SecurityContextHolder to AnonymousAuthenticationToken [Principal=anonymousUser, Credentials=[PROTECTED], Authenticated=true, Details=WebAuthenticationDetails [RemoteIpAddress=0:0:0:0:0:0:0:1, SessionId=null], Granted Authorities=[ROLE_ANONYMOUS]]
2026-01-07T21:42:20.714+01:00 TRACE 41034 --- [http-nio-8080-exec-2] o.s.security.web.FilterChainProxy        : Invoking ExceptionTranslationFilter (12/13)
2026-01-07T21:42:20.715+01:00 TRACE 41034 --- [http-nio-8080-exec-2] o.s.security.web.FilterChainProxy        : Invoking AuthorizationFilter (13/13)
2026-01-07T21:42:20.715+01:00 TRACE 41034 --- [http-nio-8080-exec-2] estMatcherDelegatingAuthorizationManager : Authorizing GET /Bilder/logo.png
2026-01-07T21:42:20.715+01:00 TRACE 41034 --- [http-nio-8080-exec-9] o.s.security.web.FilterChainProxy        : Trying to match request against DefaultSecurityFilterChain defined as 'filterChain' in [class path resource [org/nikolic/programm/security/SecurityConfig.class]] matching [any request] and having filters [DisableEncodeUrl, WebAsyncManagerIntegration, SecurityContextHolder, HeaderWriter, Cors, Logout, Jwt, RequestCacheAware, SecurityContextHolderAwareRequest, AnonymousAuthentication, SessionManagement, ExceptionTranslation, Authorization] (1/1)
2026-01-07T21:42:20.715+01:00 DEBUG 41034 --- [http-nio-8080-exec-9] o.s.security.web.FilterChainProxy        : Securing GET /api/learning-areas
2026-01-07T21:42:20.715+01:00 TRACE 41034 --- [http-nio-8080-exec-9] o.s.security.web.FilterChainProxy        : Invoking DisableEncodeUrlFilter (1/13)
2026-01-07T21:42:20.715+01:00 TRACE 41034 --- [http-nio-8080-exec-2] estMatcherDelegatingAuthorizationManager : Checking authorization on GET /Bilder/logo.png using org.springframework.security.authorization.SingleResultAuthorizationManager@1f92625c
2026-01-07T21:42:20.715+01:00 DEBUG 41034 --- [http-nio-8080-exec-2] o.s.security.web.FilterChainProxy        : Secured GET /Bilder/logo.png
2026-01-07T21:42:20.715+01:00 TRACE 41034 --- [http-nio-8080-exec-9] o.s.security.web.FilterChainProxy        : Invoking WebAsyncManagerIntegrationFilter (2/13)
2026-01-07T21:42:20.716+01:00 TRACE 41034 --- [http-nio-8080-exec-9] o.s.security.web.FilterChainProxy        : Invoking SecurityContextHolderFilter (3/13)
2026-01-07T21:42:20.716+01:00 TRACE 41034 --- [http-nio-8080-exec-9] o.s.security.web.FilterChainProxy        : Invoking HeaderWriterFilter (4/13)
2026-01-07T21:42:20.716+01:00 TRACE 41034 --- [http-nio-8080-exec-9] o.s.security.web.FilterChainProxy        : Invoking CorsFilter (5/13)
2026-01-07T21:42:20.716+01:00 TRACE 41034 --- [http-nio-8080-exec-9] o.s.security.web.FilterChainProxy        : Invoking LogoutFilter (6/13)
2026-01-07T21:42:20.716+01:00 TRACE 41034 --- [http-nio-8080-exec-2] o.s.s.w.header.writers.HstsHeaderWriter  : Not injecting HSTS header since it did not match request to [Is Secure]
2026-01-07T21:42:20.716+01:00 TRACE 41034 --- [http-nio-8080-exec-9] o.s.s.w.a.logout.LogoutFilter            : Did not match request to Or [Ant [pattern='/logout', GET], Ant [pattern='/logout', POST], Ant [pattern='/logout', PUT], Ant [pattern='/logout', DELETE]]
2026-01-07T21:42:20.716+01:00 TRACE 41034 --- [http-nio-8080-exec-9] o.s.security.web.FilterChainProxy        : Invoking JwtFilter (7/13)
2026-01-07T21:42:20.716+01:00 TRACE 41034 --- [http-nio-8080-exec-9] o.s.security.web.FilterChainProxy        : Invoking RequestCacheAwareFilter (8/13)
2026-01-07T21:42:20.716+01:00 TRACE 41034 --- [http-nio-8080-exec-9] o.s.security.web.FilterChainProxy        : Invoking SecurityContextHolderAwareRequestFilter (9/13)
2026-01-07T21:42:20.716+01:00 TRACE 41034 --- [http-nio-8080-exec-5] o.s.security.web.FilterChainProxy        : Trying to match request against DefaultSecurityFilterChain defined as 'filterChain' in [class path resource [org/nikolic/programm/security/SecurityConfig.class]] matching [any request] and having filters [DisableEncodeUrl, WebAsyncManagerIntegration, SecurityContextHolder, HeaderWriter, Cors, Logout, Jwt, RequestCacheAware, SecurityContextHolderAwareRequest, AnonymousAuthentication, SessionManagement, ExceptionTranslation, Authorization] (1/1)
2026-01-07T21:42:20.717+01:00 TRACE 41034 --- [http-nio-8080-exec-9] o.s.security.web.FilterChainProxy        : Invoking AnonymousAuthenticationFilter (10/13)
2026-01-07T21:42:20.717+01:00 DEBUG 41034 --- [http-nio-8080-exec-5] o.s.security.web.FilterChainProxy        : Securing GET /api/secure/admin/quizzes
2026-01-07T21:42:20.717+01:00 TRACE 41034 --- [http-nio-8080-exec-9] o.s.security.web.FilterChainProxy        : Invoking SessionManagementFilter (11/13)
2026-01-07T21:42:20.717+01:00 TRACE 41034 --- [http-nio-8080-exec-5] o.s.security.web.FilterChainProxy        : Invoking DisableEncodeUrlFilter (1/13)
2026-01-07T21:42:20.717+01:00 TRACE 41034 --- [http-nio-8080-exec-5] o.s.security.web.FilterChainProxy        : Invoking WebAsyncManagerIntegrationFilter (2/13)
2026-01-07T21:42:20.717+01:00 TRACE 41034 --- [http-nio-8080-exec-9] .s.s.w.c.SupplierDeferredSecurityContext : Created SecurityContextImpl [Null authentication]
2026-01-07T21:42:20.717+01:00 TRACE 41034 --- [http-nio-8080-exec-9] o.s.s.w.a.AnonymousAuthenticationFilter  : Set SecurityContextHolder to AnonymousAuthenticationToken [Principal=anonymousUser, Credentials=[PROTECTED], Authenticated=true, Details=WebAuthenticationDetails [RemoteIpAddress=0:0:0:0:0:0:0:1, SessionId=null], Granted Authorities=[ROLE_ANONYMOUS]]
2026-01-07T21:42:20.717+01:00 TRACE 41034 --- [http-nio-8080-exec-9] o.s.security.web.FilterChainProxy        : Invoking ExceptionTranslationFilter (12/13)
2026-01-07T21:42:20.717+01:00 TRACE 41034 --- [http-nio-8080-exec-5] o.s.security.web.FilterChainProxy        : Invoking SecurityContextHolderFilter (3/13)
2026-01-07T21:42:20.717+01:00 TRACE 41034 --- [http-nio-8080-exec-5] o.s.security.web.FilterChainProxy        : Invoking HeaderWriterFilter (4/13)
2026-01-07T21:42:20.717+01:00 TRACE 41034 --- [http-nio-8080-exec-5] o.s.security.web.FilterChainProxy        : Invoking CorsFilter (5/13)
2026-01-07T21:42:20.717+01:00 TRACE 41034 --- [http-nio-8080-exec-9] o.s.security.web.FilterChainProxy        : Invoking AuthorizationFilter (13/13)
2026-01-07T21:42:20.718+01:00 TRACE 41034 --- [http-nio-8080-exec-9] estMatcherDelegatingAuthorizationManager : Authorizing GET /api/learning-areas
2026-01-07T21:42:20.718+01:00 TRACE 41034 --- [http-nio-8080-exec-5] o.s.security.web.FilterChainProxy        : Invoking LogoutFilter (6/13)
2026-01-07T21:42:20.718+01:00 TRACE 41034 --- [http-nio-8080-exec-5] o.s.s.w.a.logout.LogoutFilter            : Did not match request to Or [Ant [pattern='/logout', GET], Ant [pattern='/logout', POST], Ant [pattern='/logout', PUT], Ant [pattern='/logout', DELETE]]
2026-01-07T21:42:20.718+01:00 TRACE 41034 --- [http-nio-8080-exec-5] o.s.security.web.FilterChainProxy        : Invoking JwtFilter (7/13)
2026-01-07T21:42:20.718+01:00 TRACE 41034 --- [http-nio-8080-exec-9] estMatcherDelegatingAuthorizationManager : Checking authorization on GET /api/learning-areas using org.springframework.security.authorization.SingleResultAuthorizationManager@1f92625c
2026-01-07T21:42:20.719+01:00 DEBUG 41034 --- [http-nio-8080-exec-9] o.s.security.web.FilterChainProxy        : Secured GET /api/learning-areas
2026-01-07T21:42:20.721+01:00 DEBUG 41034 --- [http-nio-8080-exec-9] org.hibernate.SQL                        : 
    select
        la1_0.id,
        la1_0.color_theme,
        la1_0.created_at,
        la1_0.created_by,
        la1_0.description,
        la1_0.display_order,
        la1_0.icon_class,
        la1_0.is_published,
        la1_0.name,
        la1_0.slug,
        la1_0.subtitle,
        la1_0.updated_at 
    from
        learning_areas la1_0 
    where
        la1_0.is_published=? 
    order by
        la1_0.display_order
2026-01-07T21:42:20.723+01:00 TRACE 41034 --- [http-nio-8080-exec-5] .s.s.w.c.SupplierDeferredSecurityContext : Created SecurityContextImpl [Null authentication]
2026-01-07T21:42:20.723+01:00 DEBUG 41034 --- [http-nio-8080-exec-5] org.hibernate.SQL                        : 
    select
        u1_0.id,
        u1_0.created_at,
        u1_0.email,
        u1_0.fullname,
        u1_0.is_active,
        u1_0.password_hash,
        u1_0.role,
        u1_0.updated_at 
    from
        users u1_0 
    where
        u1_0.email=?
2026-01-07T21:42:20.726+01:00 DEBUG 41034 --- [http-nio-8080-exec-5] org.hibernate.SQL                        : 
    select
        ev1_0.id,
        ev1_0.attempts,
        ev1_0.created_at,
        ev1_0.expires_at,
        ev1_0.user_id,
        ev1_0.verification_code,
        ev1_0.verified,
        ev1_0.verified_at 
    from
        email_verifications ev1_0 
    where
        ev1_0.user_id=?
2026-01-07T21:42:20.726+01:00 DEBUG 41034 --- [http-nio-8080-exec-9] org.hibernate.SQL                        : 
    select
        m1_0.learning_area_id,
        m1_0.id,
        m1_0.created_at,
        m1_0.description,
        m1_0.display_order,
        m1_0.estimated_duration,
        m1_0.icon,
        m1_0.subtitle,
        m1_0.title,
        m1_0.updated_at 
    from
        learning_modules m1_0 
    where
        m1_0.learning_area_id=? 
    order by
        m1_0.display_order
2026-01-07T21:42:20.729+01:00 DEBUG 41034 --- [http-nio-8080-exec-5] o.nikolic.programm.security.JwtFilter    : Successfully authenticated admin/user: admin@radbrain.de
2026-01-07T21:42:20.729+01:00 TRACE 41034 --- [http-nio-8080-exec-5] o.s.security.web.FilterChainProxy        : Invoking RequestCacheAwareFilter (8/13)
2026-01-07T21:42:20.729+01:00 TRACE 41034 --- [http-nio-8080-exec-5] o.s.security.web.FilterChainProxy        : Invoking SecurityContextHolderAwareRequestFilter (9/13)
2026-01-07T21:42:20.729+01:00 TRACE 41034 --- [http-nio-8080-exec-5] o.s.security.web.FilterChainProxy        : Invoking AnonymousAuthenticationFilter (10/13)
2026-01-07T21:42:20.729+01:00 TRACE 41034 --- [http-nio-8080-exec-5] o.s.security.web.FilterChainProxy        : Invoking SessionManagementFilter (11/13)
2026-01-07T21:42:20.729+01:00 TRACE 41034 --- [http-nio-8080-exec-5] o.s.s.w.a.AnonymousAuthenticationFilter  : Did not set SecurityContextHolder since already authenticated UsernamePasswordAuthenticationToken [Principal=admin@radbrain.de, Credentials=[PROTECTED], Authenticated=true, Details=WebAuthenticationDetails [RemoteIpAddress=0:0:0:0:0:0:0:1, SessionId=null], Granted Authorities=[ROLE_ADMIN]]
2026-01-07T21:42:20.729+01:00 TRACE 41034 --- [http-nio-8080-exec-5] s.CompositeSessionAuthenticationStrategy : Preparing session with ChangeSessionIdAuthenticationStrategy (1/1)
2026-01-07T21:42:20.729+01:00 TRACE 41034 --- [http-nio-8080-exec-5] o.s.security.web.FilterChainProxy        : Invoking ExceptionTranslationFilter (12/13)
2026-01-07T21:42:20.729+01:00 TRACE 41034 --- [http-nio-8080-exec-5] o.s.security.web.FilterChainProxy        : Invoking AuthorizationFilter (13/13)
2026-01-07T21:42:20.729+01:00 TRACE 41034 --- [http-nio-8080-exec-5] estMatcherDelegatingAuthorizationManager : Authorizing GET /api/secure/admin/quizzes
2026-01-07T21:42:20.729+01:00 TRACE 41034 --- [http-nio-8080-exec-5] estMatcherDelegatingAuthorizationManager : Checking authorization on GET /api/secure/admin/quizzes using AuthorityAuthorizationManager[authorities=[ROLE_ADMIN]]
2026-01-07T21:42:20.729+01:00 DEBUG 41034 --- [http-nio-8080-exec-5] o.s.security.web.FilterChainProxy        : Secured GET /api/secure/admin/quizzes
2026-01-07T21:42:20.729+01:00 DEBUG 41034 --- [http-nio-8080-exec-9] org.hibernate.SQL                        : 
    select
        m1_0.learning_area_id,
        m1_0.id,
        m1_0.created_at,
        m1_0.description,
        m1_0.display_order,
        m1_0.estimated_duration,
        m1_0.icon,
        m1_0.subtitle,
        m1_0.title,
        m1_0.updated_at 
    from
        learning_modules m1_0 
    where
        m1_0.learning_area_id=? 
    order by
        m1_0.display_order
2026-01-07T21:42:20.729+01:00 TRACE 41034 --- [http-nio-8080-exec-5] o.s.s.w.header.writers.HstsHeaderWriter  : Not injecting HSTS header since it did not match request to [Is Secure]
2026-01-07T21:42:20.730+01:00 TRACE 41034 --- [http-nio-8080-exec-5] o.s.security.web.FilterChainProxy        : Trying to match request against DefaultSecurityFilterChain defined as 'filterChain' in [class path resource [org/nikolic/programm/security/SecurityConfig.class]] matching [any request] and having filters [DisableEncodeUrl, WebAsyncManagerIntegration, SecurityContextHolder, HeaderWriter, Cors, Logout, Jwt, RequestCacheAware, SecurityContextHolderAwareRequest, AnonymousAuthentication, SessionManagement, ExceptionTranslation, Authorization] (1/1)
2026-01-07T21:42:20.730+01:00 DEBUG 41034 --- [http-nio-8080-exec-5] o.s.security.web.FilterChainProxy        : Securing GET /error
2026-01-07T21:42:20.730+01:00 TRACE 41034 --- [http-nio-8080-exec-5] o.s.security.web.FilterChainProxy        : Invoking DisableEncodeUrlFilter (1/13)
2026-01-07T21:42:20.730+01:00 TRACE 41034 --- [http-nio-8080-exec-5] o.s.security.web.FilterChainProxy        : Invoking WebAsyncManagerIntegrationFilter (2/13)
2026-01-07T21:42:20.730+01:00 DEBUG 41034 --- [http-nio-8080-exec-9] org.hibernate.SQL                        : 
    select
        m1_0.learning_area_id,
        m1_0.id,
        m1_0.created_at,
        m1_0.description,
        m1_0.display_order,
        m1_0.estimated_duration,
        m1_0.icon,
        m1_0.subtitle,
        m1_0.title,
        m1_0.updated_at 
    from
        learning_modules m1_0 
    where
        m1_0.learning_area_id=? 
    order by
        m1_0.display_order
2026-01-07T21:42:20.730+01:00 TRACE 41034 --- [http-nio-8080-exec-5] o.s.security.web.FilterChainProxy        : Invoking SecurityContextHolderFilter (3/13)
2026-01-07T21:42:20.730+01:00 TRACE 41034 --- [http-nio-8080-exec-5] o.s.security.web.FilterChainProxy        : Invoking HeaderWriterFilter (4/13)
2026-01-07T21:42:20.730+01:00 TRACE 41034 --- [http-nio-8080-exec-5] o.s.security.web.FilterChainProxy        : Invoking CorsFilter (5/13)
2026-01-07T21:42:20.730+01:00 TRACE 41034 --- [http-nio-8080-exec-5] o.s.security.web.FilterChainProxy        : Invoking LogoutFilter (6/13)
2026-01-07T21:42:20.730+01:00 TRACE 41034 --- [http-nio-8080-exec-5] o.s.s.w.a.logout.LogoutFilter            : Did not match request to Or [Ant [pattern='/logout', GET], Ant [pattern='/logout', POST], Ant [pattern='/logout', PUT], Ant [pattern='/logout', DELETE]]
2026-01-07T21:42:20.730+01:00 TRACE 41034 --- [http-nio-8080-exec-5] o.s.security.web.FilterChainProxy        : Invoking JwtFilter (7/13)
2026-01-07T21:42:20.730+01:00 TRACE 41034 --- [http-nio-8080-exec-5] o.s.security.web.FilterChainProxy        : Invoking RequestCacheAwareFilter (8/13)
2026-01-07T21:42:20.730+01:00 DEBUG 41034 --- [http-nio-8080-exec-9] org.hibernate.SQL                        : 
    select
        m1_0.learning_area_id,
        m1_0.id,
        m1_0.created_at,
        m1_0.description,
        m1_0.display_order,
        m1_0.estimated_duration,
        m1_0.icon,
        m1_0.subtitle,
        m1_0.title,
        m1_0.updated_at 
    from
        learning_modules m1_0 
    where
        m1_0.learning_area_id=? 
    order by
        m1_0.display_order
2026-01-07T21:42:20.730+01:00 TRACE 41034 --- [http-nio-8080-exec-5] o.s.security.web.FilterChainProxy        : Invoking SecurityContextHolderAwareRequestFilter (9/13)
2026-01-07T21:42:20.731+01:00 TRACE 41034 --- [http-nio-8080-exec-5] o.s.security.web.FilterChainProxy        : Invoking AnonymousAuthenticationFilter (10/13)
2026-01-07T21:42:20.731+01:00 TRACE 41034 --- [http-nio-8080-exec-5] o.s.security.web.FilterChainProxy        : Invoking SessionManagementFilter (11/13)
2026-01-07T21:42:20.731+01:00 TRACE 41034 --- [http-nio-8080-exec-5] o.s.security.web.FilterChainProxy        : Invoking ExceptionTranslationFilter (12/13)
2026-01-07T21:42:20.731+01:00 TRACE 41034 --- [http-nio-8080-exec-5] o.s.security.web.FilterChainProxy        : Invoking AuthorizationFilter (13/13)
2026-01-07T21:42:20.731+01:00 TRACE 41034 --- [http-nio-8080-exec-5] estMatcherDelegatingAuthorizationManager : Authorizing GET /error
2026-01-07T21:42:20.731+01:00 TRACE 41034 --- [http-nio-8080-exec-5] estMatcherDelegatingAuthorizationManager : Checking authorization on GET /error using org.springframework.security.authorization.SingleResultAuthorizationManager@1f92625c
2026-01-07T21:42:20.731+01:00 DEBUG 41034 --- [http-nio-8080-exec-5] o.s.security.web.FilterChainProxy        : Secured GET /error
2026-01-07T21:42:20.731+01:00 TRACE 41034 --- [http-nio-8080-exec-9] o.s.s.w.header.writers.HstsHeaderWriter  : Not injecting HSTS header since it did not match request to [Is Secure]
2026-01-07T21:42:20.731+01:00 TRACE 41034 --- [http-nio-8080-exec-5] .s.s.w.c.SupplierDeferredSecurityContext : Created SecurityContextImpl [Null authentication]
2026-01-07T21:42:20.731+01:00 TRACE 41034 --- [http-nio-8080-exec-5] o.s.s.w.a.AnonymousAuthenticationFilter  : Set SecurityContextHolder to AnonymousAuthenticationToken [Principal=anonymousUser, Credentials=[PROTECTED], Authenticated=true, Details=WebAuthenticationDetails [RemoteIpAddress=0:0:0:0:0:0:0:1, SessionId=null], Granted Authorities=[ROLE_ANONYMOUS]]
2026-01-07T21:42:40.645+01:00  INFO 41034 --- [SpringApplicationShutdownHook] o.s.b.w.e.tomcat.GracefulShutdown        : Commencing graceful shutdown. Waiting for active requests to complete
2026-01-07T21:42:42.701+01:00  INFO 41034 --- [tomcat-shutdown] o.s.b.w.e.tomcat.GracefulShutdown        : Graceful shutdown complete
2026-01-07T21:42:42.759+01:00  INFO 41034 --- [SpringApplicationShutdownHook] j.LocalContainerEntityManagerFactoryBean : Closing JPA EntityManagerFactory for persistence unit 'default'
2026-01-07T21:42:42.835+01:00  INFO 41034 --- [SpringApplicationShutdownHook] com.zaxxer.hikari.HikariDataSource       : HikariPool-1 - Shutdown initiated...
2026-01-07T21:42:42.848+01:00  INFO 41034 --- [SpringApplicationShutdownHook] com.zaxxer.hikari.HikariDataSource       : HikariPool-1 - Shutdown completed.
